Flow report for A10SoM_System
Mon Aug 17 11:03:41 2020
Quartus Prime Version 18.0.0 Build 614 04/24/2018 SJ Standard Edition


---------------------
; Table of Contents ;
---------------------
  1. Legal Notice
  2. Flow Summary
  3. Flow Settings
  4. Flow Non-Default Global Settings
  5. Flow Elapsed Time
  6. Flow OS Summary
  7. Flow Log
  8. Flow Messages
  9. Flow Suppressed Messages



----------------
; Legal Notice ;
----------------
Copyright (C) 2018  Intel Corporation. All rights reserved.
Your use of Intel Corporation's design tools, logic functions 
and other software and tools, and its AMPP partner logic 
functions, and any output files from any of the foregoing 
(including device programming or simulation files), and any 
associated documentation or information are expressly subject 
to the terms and conditions of the Intel Program License 
Subscription Agreement, the Intel Quartus Prime License Agreement,
the Intel FPGA IP License Agreement, or other applicable license
agreement, including, without limitation, that your use is for
the sole purpose of programming logic devices manufactured by
Intel and sold by Intel or its authorized distributors.  Please
refer to the applicable agreement for further details.



+-------------------------------------------------------------------------------+
; Flow Summary                                                                  ;
+-----------------------------+-------------------------------------------------+
; Flow Status                 ; Flow Failed - Mon Aug 17 11:03:40 2020          ;
; Quartus Prime Version       ; 18.0.0 Build 614 04/24/2018 SJ Standard Edition ;
; Revision Name               ; A10SoM_System                                   ;
; Top-level Entity Name       ; A10SoM_System                                   ;
; Family                      ; Arria 10                                        ;
; Device                      ; 10AS066H2F34I1HG                                ;
; Timing Models               ; Final                                           ;
; Logic utilization (in ALMs) ; N/A until Partition Merge                       ;
; Total registers             ; N/A until Partition Merge                       ;
; Total pins                  ; N/A until Partition Merge                       ;
; Total virtual pins          ; N/A until Partition Merge                       ;
; Total block memory bits     ; N/A until Partition Merge                       ;
; Total PLLs                  ; N/A until Partition Merge                       ;
+-----------------------------+-------------------------------------------------+


+-----------------------------------------+
; Flow Settings                           ;
+-------------------+---------------------+
; Option            ; Setting             ;
+-------------------+---------------------+
; Start date & time ; 08/17/2020 11:03:21 ;
; Main task         ; Compilation         ;
; Revision Name     ; A10SoM_System       ;
+-------------------+---------------------+


+-------------------------------------------------------------------------------------------------------------------------------------------------------------------------------------------------------------------------+
; Flow Non-Default Global Settings                                                                                                                                                                                        ;
+-------------------------------------+------------------------------------------------------------------------------------------+---------------+-----------------------------------------------------------+------------+
; Assignment Name                     ; Value                                                                                    ; Default Value ; Entity Name                                               ; Section Id ;
+-------------------------------------+------------------------------------------------------------------------------------------+---------------+-----------------------------------------------------------+------------+
; COMPILER_SIGNATURE_ID               ; 238177196167856.159768379017976                                                          ; --            ; --                                                        ; --         ;
; HPS_ISW_FILE                        ; som_system/altera_arria10_interface_generator_140/synth/hps.pre.xml                      ; --            ; som_system_altera_arria10_interface_generator_140_mv5mwwi ; --         ;
; HPS_ISW_FILE                        ; som_system/altera_emif_arch_nf_180/synth/emif.pre.xml                                    ; --            ; som_system_altera_emif_arch_nf_180_qjbdqci                ; --         ;
; MAX_CORE_JUNCTION_TEMP              ; 100                                                                                      ; --            ; --                                                        ; --         ;
; MESSAGE_DISABLE                     ; 10230                                                                                    ; --            ; som_system_altera_arria10_interface_generator_140_mv5mwwi ; --         ;
; MESSAGE_DISABLE                     ; 10230                                                                                    ; --            ; som_system_altera_arria10_interface_generator_140_rt64riy ; --         ;
; MIN_CORE_JUNCTION_TEMP              ; -40                                                                                      ; --            ; --                                                        ; --         ;
; MISC_FILE                           ; ../../component_library/serdes/Serial2Parallel_32bits/Serial2Parallel_32bits.cmp         ; --            ; --                                                        ; --         ;
; MISC_FILE                           ; ../../component_library/serdes/Serial2Parallel_32bits/../Serial2Parallel_32bits.qsys     ; --            ; --                                                        ; --         ;
; MISC_FILE                           ; ../../component_library/serdes/Parallel2Serial_32bits/Parallel2Serial_32bits.cmp         ; --            ; --                                                        ; --         ;
; MISC_FILE                           ; ../../component_library/serdes/Parallel2Serial_32bits/../Parallel2Serial_32bits.qsys     ; --            ; --                                                        ; --         ;
; MISC_FILE                           ; som_system/som_system.cmp                                                                ; --            ; --                                                        ; --         ;
; MISC_FILE                           ; som_system/../D                                                                          ; --            ; --                                                        ; --         ;
; MISC_FILE                           ; som_system/som_system_arria10_hps_0_hps.svd                                              ; --            ; --                                                        ; --         ;
; MISC_FILE                           ; som_system/../som_system.qsys                                                            ; --            ; --                                                        ; --         ;
; MISC_FILE                           ; som_system/altera_emif_arch_nf_180/synth/emif.pre.xml                                    ; --            ; --                                                        ; --         ;
; MISC_FILE                           ; som_system/altera_arria10_interface_generator_140/synth/hps.pre.xml                      ; --            ; --                                                        ; --         ;
; MISC_FILE                           ; pll/pll.cmp                                                                              ; --            ; --                                                        ; --         ;
; MISC_FILE                           ; pll/../pll.qsys                                                                          ; --            ; --                                                        ; --         ;
; PARTITION_COLOR                     ; -- (Not supported for targeted family)                                                   ; --            ; --                                                        ; Top        ;
; PARTITION_FITTER_PRESERVATION_LEVEL ; -- (Not supported for targeted family)                                                   ; --            ; --                                                        ; Top        ;
; PARTITION_NETLIST_TYPE              ; -- (Not supported for targeted family)                                                   ; --            ; --                                                        ; Top        ;
; POWER_BOARD_THERMAL_MODEL           ; None (CONSERVATIVE)                                                                      ; --            ; --                                                        ; --         ;
; POWER_PRESET_COOLING_SOLUTION       ; 23 MM HEAT SINK WITH 200 LFPM AIRFLOW                                                    ; --            ; --                                                        ; --         ;
; SLD_FILE                            ; ../../component_library/serdes/Serial2Parallel_32bits/Serial2Parallel_32bits.debuginfo   ; --            ; --                                                        ; --         ;
; SLD_FILE                            ; ../../component_library/serdes/Parallel2Serial_32bits/Parallel2Serial_32bits.debuginfo   ; --            ; --                                                        ; --         ;
; SLD_FILE                            ; som_system/som_system.regmap                                                             ; --            ; --                                                        ; --         ;
; SLD_FILE                            ; som_system/som_system.debuginfo                                                          ; --            ; --                                                        ; --         ;
; SLD_FILE                            ; pll/pll.debuginfo                                                                        ; --            ; --                                                        ; --         ;
; SLD_INFO                            ; QSYS_NAME Parallel2Serial_32bits HAS_SOPCINFO 1 GENERATION_ID 1555614294                 ; --            ; Parallel2Serial_32bits                                    ; --         ;
; SLD_INFO                            ; QSYS_NAME Serial2Parallel_32bits HAS_SOPCINFO 1 GENERATION_ID 1555614279                 ; --            ; Serial2Parallel_32bits                                    ; --         ;
; SLD_INFO                            ; QSYS_NAME pll HAS_SOPCINFO 1 GENERATION_ID 1586869618                                    ; --            ; pll                                                       ; --         ;
; SLD_INFO                            ; QSYS_NAME som_system HAS_SOPCINFO 1 GENERATION_ID 1587668335                             ; --            ; som_system                                                ; --         ;
; SOPCINFO_FILE                       ; ../../component_library/serdes/Serial2Parallel_32bits/../Serial2Parallel_32bits.sopcinfo ; --            ; --                                                        ; --         ;
; SOPCINFO_FILE                       ; ../../component_library/serdes/Parallel2Serial_32bits/../Parallel2Serial_32bits.sopcinfo ; --            ; --                                                        ; --         ;
; SOPCINFO_FILE                       ; som_system/../som_system.sopcinfo                                                        ; --            ; --                                                        ; --         ;
; SOPCINFO_FILE                       ; pll/../pll.sopcinfo                                                                      ; --            ; --                                                        ; --         ;
; SYNTHESIS_ONLY_QIP                  ; On                                                                                       ; --            ; --                                                        ; --         ;
; SYNTHESIS_ONLY_QIP                  ; On                                                                                       ; --            ; --                                                        ; --         ;
; SYNTHESIS_ONLY_QIP                  ; On                                                                                       ; --            ; --                                                        ; --         ;
; SYNTHESIS_ONLY_QIP                  ; On                                                                                       ; --            ; --                                                        ; --         ;
+-------------------------------------+------------------------------------------------------------------------------------------+---------------+-----------------------------------------------------------+------------+


+--------------------------------------------------------------------------------------------------------------------------+
; Flow Elapsed Time                                                                                                        ;
+----------------------+--------------+-------------------------+---------------------+------------------------------------+
; Module Name          ; Elapsed Time ; Average Processors Used ; Peak Virtual Memory ; Total CPU Time (on all processors) ;
+----------------------+--------------+-------------------------+---------------------+------------------------------------+
; Analysis & Synthesis ; 00:00:34     ; 1.0                     ; 4982 MB             ; 00:00:42                           ;
; Total                ; 00:00:34     ; --                      ; --                  ; 00:00:42                           ;
+----------------------+--------------+-------------------------+---------------------+------------------------------------+


+------------------------------------------------------------------------------------+
; Flow OS Summary                                                                    ;
+----------------------+------------------+------------+------------+----------------+
; Module Name          ; Machine Hostname ; OS Name    ; OS Version ; Processor type ;
+----------------------+------------------+------------+------------+----------------+
; Analysis & Synthesis ; DESKTOP-NVVSIBD  ; Windows 10 ; 10.0       ; x86_64         ;
+----------------------+------------------+------------+------------+----------------+


------------
; Flow Log ;
------------
quartus_map --read_settings_files=on --write_settings_files=off A10SoM_System -c A10SoM_System



